tsl_linrot.c:858:20:TSL_linrot_GetStateId	0	static
tsl_linrot.c:869:22:TSL_linrot_GetStateMask	0	static
tsl_linrot.c:898:11:TSL_linrot_IsChanged	0	static
tsl_linrot.c:1753:6:TSL_linrot_DTOGetTime	0	static
tsl_linrot.c:1766:6:TSL_linrot_ProcessCh_All_SetStatus	4	static
tsl_linrot.c:830:6:TSL_linrot_SetStateOff	8	static
tsl_linrot.c:844:6:TSL_linrot_SetStateBurstOnly	8	static
tsl_linrot.c:1784:19:TSL_linrot_ProcessCh_One_DataReady	4	static
tsl_linrot.c:434:6:TSL_linrot_Process	8	static
tsl_linrot.c:1808:19:TSL_linrot_ProcessCh_All_AcqStatus	8	static
tsl_linrot.c:1830:19:TSL_linrot_ProcessCh_One_AcqStatusError	4	static
tsl_linrot.c:1120:6:TSL_linrot_CalibrationStateProcess	16	static
tsl_linrot.c:2067:6:TSL_linrot_ProcessCh_All_ClearRef	0	static
tsl_linrot.c:798:6:TSL_linrot_SetStateCalibration	8	static
tsl_linrot.c:399:6:TSL_linrot_Init	8	static
tsl_linrot.c:1699:6:TSL_linrot_DebErrorStateProcess	16	static
tsl_linrot.c:2086:14:TSL_linrot_NormDelta	0	static
tsl_linrot.c:493:19:TSL_linrot_CalcPos	24	static
tsl_linrot.c:1853:19:TSL_linrot_ProcessCh_One_DeltaBelowEquMinus	24	static
tsl_linrot.c:1090:6:TSL_linrot_DebCalibrationStateProcess	8	static
tsl_linrot.c:1903:19:TSL_linrot_ProcessCh_One_DeltaAboveEqu	24	static
tsl_linrot.c:1020:6:TSL_linrot_ReleaseStateProcess	16	static
tsl_linrot.c:1435:6:TSL_linrot_DebDetectStateProcess	8	static
tsl_linrot.c:1958:19:TSL_linrot_ProcessCh_One_DeltaAbove	24	static
tsl_linrot.c:945:6:TSL_linrot_DebReleaseDetectStateProcess	8	static
tsl_linrot.c:983:6:TSL_linrot_DebReleaseTouchStateProcess	8	static
tsl_linrot.c:1486:6:TSL_linrot_DetectStateProcess	24	static
tsl_linrot.c:1593:6:TSL_linrot_TouchStateProcess	24	static
tsl_linrot.c:2013:19:TSL_linrot_ProcessCh_All_DeltaBelowEqu	24	static
