stm32l1xx_rcc.c:202:6:RCC_DeInit	0	static
stm32l1xx_rcc.c:244:6:RCC_HSEConfig	0	static
stm32l1xx_rcc.c:303:6:RCC_AdjustMSICalibrationValue	0	static
stm32l1xx_rcc.c:330:6:RCC_MSIRangeConfig	0	static
stm32l1xx_rcc.c:368:6:RCC_MSICmd	0	static
stm32l1xx_rcc.c:386:6:RCC_AdjustHSICalibrationValue	0	static
stm32l1xx_rcc.c:420:6:RCC_HSICmd	0	static
stm32l1xx_rcc.c:445:6:RCC_LSEConfig	0	static
stm32l1xx_rcc.c:469:6:RCC_LSICmd	0	static
stm32l1xx_rcc.c:516:6:RCC_PLLConfig	0	static
stm32l1xx_rcc.c:537:6:RCC_PLLCmd	0	static
stm32l1xx_rcc.c:556:6:RCC_ClockSecuritySystemCmd	0	static
stm32l1xx_rcc.c:570:6:RCC_LSEClockSecuritySystemCmd	0	static
stm32l1xx_rcc.c:600:6:RCC_MCOConfig	0	static
stm32l1xx_rcc.c:717:6:RCC_SYSCLKConfig	0	static
stm32l1xx_rcc.c:746:9:RCC_GetSYSCLKSource	0	static
stm32l1xx_rcc.c:771:6:RCC_HCLKConfig	0	static
stm32l1xx_rcc.c:802:6:RCC_PCLK1Config	0	static
stm32l1xx_rcc.c:833:6:RCC_PCLK2Config	0	static
stm32l1xx_rcc.c:891:6:RCC_GetClocksFreq	4	static
stm32l1xx_rcc.c:1020:6:RCC_RTCCLKConfig	0	static
stm32l1xx_rcc.c:1056:6:RCC_RTCCLKCmd	0	static
stm32l1xx_rcc.c:1072:6:RCC_RTCResetCmd	0	static
stm32l1xx_rcc.c:1105:6:RCC_AHBPeriphClockCmd	0	static
stm32l1xx_rcc.c:1140:6:RCC_APB2PeriphClockCmd	0	static
stm32l1xx_rcc.c:1187:6:RCC_APB1PeriphClockCmd	0	static
stm32l1xx_rcc.c:1225:6:RCC_AHBPeriphResetCmd	0	static
stm32l1xx_rcc.c:1257:6:RCC_APB2PeriphResetCmd	0	static
stm32l1xx_rcc.c:1301:6:RCC_APB1PeriphResetCmd	0	static
stm32l1xx_rcc.c:1344:6:RCC_AHBPeriphClockLPModeCmd	0	static
stm32l1xx_rcc.c:1380:6:RCC_APB2PeriphClockLPModeCmd	0	static
stm32l1xx_rcc.c:1429:6:RCC_APB1PeriphClockLPModeCmd	0	static
stm32l1xx_rcc.c:1482:6:RCC_ITConfig	0	static
stm32l1xx_rcc.c:1520:12:RCC_GetFlagStatus	0	static
stm32l1xx_rcc.c:269:13:RCC_WaitForHSEStartUp	16	static
stm32l1xx_rcc.c:1563:6:RCC_ClearFlag	0	static
stm32l1xx_rcc.c:1583:10:RCC_GetITStatus	0	static
stm32l1xx_rcc.c:1616:6:RCC_ClearITPendingBit	0	static
