stm32l1xx_rtc.c:312:13:RTC_DeInit	24	static
stm32l1xx_rtc.c:396:13:RTC_Init	24	static
stm32l1xx_rtc.c:442:6:RTC_StructInit	16	static
stm32l1xx_rtc.c:464:6:RTC_WriteProtectionCmd	16	static
stm32l1xx_rtc.c:491:13:RTC_EnterInitMode	24	static
stm32l1xx_rtc.c:536:6:RTC_ExitInitMode	4	static
stm32l1xx_rtc.c:558:13:RTC_WaitForSynchro	24	static
stm32l1xx_rtc.c:601:13:RTC_RefClockCmd	24	static
stm32l1xx_rtc.c:649:6:RTC_BypassShadowCmd	16	static
stm32l1xx_rtc.c:703:13:RTC_SetTime	32	static
stm32l1xx_rtc.c:807:6:RTC_TimeStructInit	16	static
stm32l1xx_rtc.c:826:6:RTC_GetTime	24	static
stm32l1xx_rtc.c:857:10:RTC_GetSubSecond	16	static
stm32l1xx_rtc.c:882:13:RTC_SetDate	32	static
stm32l1xx_rtc.c:973:6:RTC_DateStructInit	16	static
stm32l1xx_rtc.c:992:6:RTC_GetDate	24	static
stm32l1xx_rtc.c:1052:6:RTC_SetAlarm	40	static
stm32l1xx_rtc.c:1163:6:RTC_AlarmStructInit	16	static
stm32l1xx_rtc.c:1193:6:RTC_GetAlarm	32	static
stm32l1xx_rtc.c:1247:13:RTC_AlarmCmd	32	static
stm32l1xx_rtc.c:1341:6:RTC_AlarmSubSecondConfig	32	static
stm32l1xx_rtc.c:1382:10:RTC_GetAlarmSubSecond	24	static
stm32l1xx_rtc.c:1430:6:RTC_WakeUpClockConfig	16	static
stm32l1xx_rtc.c:1457:6:RTC_SetWakeUpCounter	16	static
stm32l1xx_rtc.c:1478:10:RTC_GetWakeUpCounter	4	static
stm32l1xx_rtc.c:1490:13:RTC_WakeUpCmd	32	static
stm32l1xx_rtc.c:1566:6:RTC_DayLightSavingConfig	16	static
stm32l1xx_rtc.c:1593:10:RTC_GetStoreOperation	4	static
stm32l1xx_rtc.c:1631:6:RTC_OutputConfig	16	static
stm32l1xx_rtc.c:1682:13:RTC_CoarseCalibConfig	24	static
stm32l1xx_rtc.c:1723:13:RTC_CoarseCalibCmd	24	static
stm32l1xx_rtc.c:1770:6:RTC_CalibOutputCmd	16	static
stm32l1xx_rtc.c:1802:6:RTC_CalibOutputConfig	16	static
stm32l1xx_rtc.c:1838:13:RTC_SmoothCalibConfig	32	static
stm32l1xx_rtc.c:1914:6:RTC_TimeStampCmd	24	static
stm32l1xx_rtc.c:1958:6:RTC_GetTimeStamp	32	static
stm32l1xx_rtc.c:2002:10:RTC_GetTimeStampSubSecond	4	static
stm32l1xx_rtc.c:2040:6:RTC_TamperTriggerConfig	16	static
stm32l1xx_rtc.c:2070:6:RTC_TamperCmd	16	static
stm32l1xx_rtc.c:2101:6:RTC_TamperFilterConfig	16	static
stm32l1xx_rtc.c:2135:6:RTC_TamperSamplingFreqConfig	16	static
stm32l1xx_rtc.c:2158:6:RTC_TamperPinsPrechargeDuration	16	static
stm32l1xx_rtc.c:2178:6:RTC_TimeStampOnTamperDetectionCmd	16	static
stm32l1xx_rtc.c:2201:6:RTC_TamperPullUpCmd	16	static
stm32l1xx_rtc.c:2242:6:RTC_WriteBackupRegister	24	static
stm32l1xx_rtc.c:2263:10:RTC_ReadBackupRegister	24	static
stm32l1xx_rtc.c:2303:6:RTC_OutputTypeConfig	16	static
stm32l1xx_rtc.c:2341:13:RTC_SynchroShiftConfig	24	static
stm32l1xx_rtc.c:2461:6:RTC_ITConfig	16	static
stm32l1xx_rtc.c:2511:12:RTC_GetFlagStatus	24	static
stm32l1xx_rtc.c:2549:6:RTC_ClearFlag	16	static
stm32l1xx_rtc.c:2571:10:RTC_GetITStatus	32	static
stm32l1xx_rtc.c:2613:6:RTC_ClearITPendingBit	24	static
stm32l1xx_rtc.c:2636:16:RTC_ByteToBcd2	24	static
stm32l1xx_rtc.c:2654:16:RTC_Bcd2ToByte	24	static
