stm32l1xx_flash.c:186:6:FLASH_SetLatency	24	static
stm32l1xx_flash.c:210:6:FLASH_PrefetchBufferCmd	16	static
stm32l1xx_flash.c:237:6:FLASH_ReadAccess64Cmd	16	static
stm32l1xx_flash.c:259:6:FLASH_SLEEPPowerDownCmd	16	static
stm32l1xx_flash.c:310:6:FLASH_Unlock	8	static
stm32l1xx_flash.c:328:6:FLASH_Lock	4	static
stm32l1xx_flash.c:346:14:FLASH_ErasePage	24	static
stm32l1xx_flash.c:391:14:FLASH_FastProgramWord	24	static
stm32l1xx_flash.c:455:6:DATA_EEPROM_Unlock	4	static
stm32l1xx_flash.c:470:6:DATA_EEPROM_Lock	4	static
stm32l1xx_flash.c:482:6:DATA_EEPROM_FixedTimeProgramCmd	16	static
stm32l1xx_flash.c:510:14:DATA_EEPROM_EraseByte	24	static
stm32l1xx_flash.c:543:14:DATA_EEPROM_EraseHalfWord	24	static
stm32l1xx_flash.c:576:14:DATA_EEPROM_EraseWord	24	static
stm32l1xx_flash.c:609:14:DATA_EEPROM_FastProgramByte	24	static
stm32l1xx_flash.c:670:14:DATA_EEPROM_FastProgramHalfWord	24	static
stm32l1xx_flash.c:739:14:DATA_EEPROM_FastProgramWord	24	static
stm32l1xx_flash.c:778:14:DATA_EEPROM_ProgramByte	24	static
stm32l1xx_flash.c:836:14:DATA_EEPROM_ProgramHalfWord	24	static
stm32l1xx_flash.c:901:14:DATA_EEPROM_ProgramWord	24	static
stm32l1xx_flash.c:996:6:FLASH_OB_Unlock	8	static
stm32l1xx_flash.c:1014:6:FLASH_OB_Lock	4	static
stm32l1xx_flash.c:1025:6:FLASH_OB_Launch	4	static
stm32l1xx_flash.c:1042:14:FLASH_OB_WRPConfig	40	static
stm32l1xx_flash.c:1101:14:FLASH_OB_WRP1Config	40	static
stm32l1xx_flash.c:1159:14:FLASH_OB_WRP2Config	40	static
stm32l1xx_flash.c:1220:14:FLASH_OB_RDPConfig	24	static
stm32l1xx_flash.c:1260:14:FLASH_OB_PCROPConfig	40	static
stm32l1xx_flash.c:1322:14:FLASH_OB_PCROP1Config	40	static
stm32l1xx_flash.c:1379:14:FLASH_OB_PCROPSelectionConfig	32	static
stm32l1xx_flash.c:1432:14:FLASH_OB_UserConfig	32	static
stm32l1xx_flash.c:1479:14:FLASH_OB_BORConfig	32	static
stm32l1xx_flash.c:1528:14:FLASH_OB_BootConfig	32	static
stm32l1xx_flash.c:1564:9:FLASH_OB_GetUser	4	static
stm32l1xx_flash.c:1575:10:FLASH_OB_GetWRP	4	static
stm32l1xx_flash.c:1588:10:FLASH_OB_GetWRP1	4	static
stm32l1xx_flash.c:1600:10:FLASH_OB_GetWRP2	4	static
stm32l1xx_flash.c:1611:12:FLASH_OB_GetRDP	16	static
stm32l1xx_flash.c:1632:12:FLASH_OB_GetSPRMOD	16	static
stm32l1xx_flash.c:1656:9:FLASH_OB_GetBOR	4	static
stm32l1xx_flash.c:1687:6:FLASH_ITConfig	16	static
stm32l1xx_flash.c:1721:12:FLASH_GetFlagStatus	24	static
stm32l1xx_flash.c:1753:6:FLASH_ClearFlag	16	static
stm32l1xx_flash.c:1768:14:FLASH_GetStatus	16	static
stm32l1xx_flash.c:1805:14:FLASH_WaitForLastOperation	24	static
