stm32l1xx_lcd.c:161:6:LCD_DeInit	8	static
stm32l1xx_lcd.c:177:6:LCD_Init	16	static
stm32l1xx_lcd.c:203:6:LCD_StructInit	16	static
stm32l1xx_lcd.c:223:6:LCD_Cmd	16	static
stm32l1xx_lcd.c:239:6:LCD_WaitForSynchro	16	static
stm32l1xx_lcd.c:263:6:LCD_HighDriveCmd	16	static
stm32l1xx_lcd.c:278:6:LCD_MuxSegmentCmd	16	static
stm32l1xx_lcd.c:301:6:LCD_PulseOnDurationConfig	16	static
stm32l1xx_lcd.c:324:6:LCD_DeadTimeConfig	16	static
stm32l1xx_lcd.c:355:6:LCD_BlinkConfig	16	static
stm32l1xx_lcd.c:379:6:LCD_ContrastConfig	16	static
stm32l1xx_lcd.c:451:6:LCD_Write	16	static
stm32l1xx_lcd.c:474:6:LCD_UpdateDisplayRequest	4	static
stm32l1xx_lcd.c:505:6:LCD_ITConfig	16	static
stm32l1xx_lcd.c:541:12:LCD_GetFlagStatus	24	static
stm32l1xx_lcd.c:567:6:LCD_ClearFlag	16	static
stm32l1xx_lcd.c:587:10:LCD_GetITStatus	24	static
stm32l1xx_lcd.c:622:6:LCD_ClearITPendingBit	16	static
