stm32l1xx_flash.c:186:6:FLASH_SetLatency	0	static
stm32l1xx_flash.c:210:6:FLASH_PrefetchBufferCmd	0	static
stm32l1xx_flash.c:237:6:FLASH_ReadAccess64Cmd	0	static
stm32l1xx_flash.c:259:6:FLASH_SLEEPPowerDownCmd	0	static
stm32l1xx_flash.c:328:6:FLASH_Lock	0	static
stm32l1xx_flash.c:455:6:DATA_EEPROM_Unlock	0	static
stm32l1xx_flash.c:310:6:FLASH_Unlock	8	static
stm32l1xx_flash.c:470:6:DATA_EEPROM_Lock	0	static
stm32l1xx_flash.c:482:6:DATA_EEPROM_FixedTimeProgramCmd	0	static
stm32l1xx_flash.c:996:6:FLASH_OB_Unlock	8	static
stm32l1xx_flash.c:1014:6:FLASH_OB_Lock	0	static
stm32l1xx_flash.c:1025:6:FLASH_OB_Launch	0	static
stm32l1xx_flash.c:1564:9:FLASH_OB_GetUser	0	static
stm32l1xx_flash.c:1575:10:FLASH_OB_GetWRP	0	static
stm32l1xx_flash.c:1588:10:FLASH_OB_GetWRP1	0	static
stm32l1xx_flash.c:1600:10:FLASH_OB_GetWRP2	0	static
stm32l1xx_flash.c:1611:12:FLASH_OB_GetRDP	0	static
stm32l1xx_flash.c:1632:12:FLASH_OB_GetSPRMOD	0	static
stm32l1xx_flash.c:1656:9:FLASH_OB_GetBOR	0	static
stm32l1xx_flash.c:1687:6:FLASH_ITConfig	0	static
stm32l1xx_flash.c:1721:12:FLASH_GetFlagStatus	0	static
stm32l1xx_flash.c:1753:6:FLASH_ClearFlag	0	static
stm32l1xx_flash.c:1768:14:FLASH_GetStatus	0	static
stm32l1xx_flash.c:1805:14:FLASH_WaitForLastOperation	16	static
stm32l1xx_flash.c:346:14:FLASH_ErasePage	16	static
stm32l1xx_flash.c:391:14:FLASH_FastProgramWord	16	static
stm32l1xx_flash.c:510:14:DATA_EEPROM_EraseByte	8	static
stm32l1xx_flash.c:543:14:DATA_EEPROM_EraseHalfWord	8	static
stm32l1xx_flash.c:576:14:DATA_EEPROM_EraseWord	8	static
stm32l1xx_flash.c:609:14:DATA_EEPROM_FastProgramByte	16	static
stm32l1xx_flash.c:670:14:DATA_EEPROM_FastProgramHalfWord	16	static
stm32l1xx_flash.c:739:14:DATA_EEPROM_FastProgramWord	16	static
stm32l1xx_flash.c:778:14:DATA_EEPROM_ProgramByte	16	static
stm32l1xx_flash.c:836:14:DATA_EEPROM_ProgramHalfWord	16	static
stm32l1xx_flash.c:901:14:DATA_EEPROM_ProgramWord	16	static
stm32l1xx_flash.c:1042:14:FLASH_OB_WRPConfig	16	static
stm32l1xx_flash.c:1101:14:FLASH_OB_WRP1Config	16	static
stm32l1xx_flash.c:1159:14:FLASH_OB_WRP2Config	16	static
stm32l1xx_flash.c:1220:14:FLASH_OB_RDPConfig	8	static
stm32l1xx_flash.c:1260:14:FLASH_OB_PCROPConfig	16	static
stm32l1xx_flash.c:1322:14:FLASH_OB_PCROP1Config	16	static
stm32l1xx_flash.c:1379:14:FLASH_OB_PCROPSelectionConfig	8	static
stm32l1xx_flash.c:1432:14:FLASH_OB_UserConfig	8	static
stm32l1xx_flash.c:1479:14:FLASH_OB_BORConfig	8	static
stm32l1xx_flash.c:1528:14:FLASH_OB_BootConfig	8	static
