stm32l_discovery_lcd.c:261:13:LCD_Conv_Char_Seg	8	static
stm32l_discovery_lcd.c:140:6:LCD_GLASS_Configure_GPIO	32	static
stm32l_discovery_lcd.c:213:6:LCD_contrast	8	static
stm32l_discovery_lcd.c:237:6:LCD_bar	0	static
stm32l_discovery_lcd.c:364:6:LCD_GLASS_WriteChar	24	static
stm32l_discovery_lcd.c:477:6:LCD_GLASS_DisplayString	16	static
stm32l_discovery_lcd.c:501:6:LCD_GLASS_DisplayStrDeci	24	static
stm32l_discovery_lcd.c:538:6:LCD_GLASS_Clear	8	static
stm32l_discovery_lcd.c:91:6:LCD_GLASS_Init	40	static
stm32l_discovery_lcd.c:565:6:LCD_GLASS_ScrollSentence	40	static
